\BOOKMARK [0][-]{chapter*.1}{\376\377\000A\000g\000r\000a\000d\000e\000c\000i\000m\000i\000e\000n\000t\000o\000s\000\040\000\050\000o\000p\000c\000i\000o\000n\000a\000l\000\051}{}% 1
\BOOKMARK [0][-]{chapter*.4}{\376\377\000I\000n\000t\000r\000o\000d\000u\000c\000c\000i\000\363\000n}{}% 2
\BOOKMARK [0][-]{chapter.1}{\376\377\000V\000a\000r\000i\000e\000d\000a\000d\000e\000s\000\040\000C\000o\000m\000p\000l\000e\000j\000a\000s}{}% 3
\BOOKMARK [1][-]{section.1.1}{\376\377\000D\000e\000f\000i\000n\000i\000c\000i\000\363\000n}{chapter.1}% 4
\BOOKMARK [1][-]{section.1.2}{\376\377\000A\000p\000l\000i\000c\000a\000c\000i\000o\000n\000e\000s\000\040\000H\000o\000l\000o\000m\000o\000r\000f\000a\000s}{chapter.1}% 5
\BOOKMARK [2][-]{subsection.1.2.1}{\376\377\000F\000u\000n\000c\000i\000o\000n\000e\000s\000\040\000h\000o\000l\000o\000m\000o\000r\000f\000a\000s}{section.1.2}% 6
\BOOKMARK [1][-]{section.1.3}{\376\377\000G\000a\000v\000i\000l\000l\000a\000\040\000d\000e\000\040\000f\000u\000n\000c\000i\000o\000n\000e\000s\000\040\000h\000o\000l\000o\000m\000o\000r\000f\000a\000s}{chapter.1}% 7
\BOOKMARK [2][-]{subsection.1.3.1}{\376\377\000D\000e\000f\000i\000n\000i\000c\000i\000\363\000n}{section.1.3}% 8
\BOOKMARK [2][-]{subsection.1.3.2}{\376\377\000A\000n\000i\000l\000l\000o\000\040\000d\000e\000\040\000g\000\351\000r\000m\000e\000n\000e\000s\000\040\000d\000e\000\040\000f\000u\000n\000c\000i\000o\000n\000e\000s\000\040\000h\000o\000l\000o\000m\000o\000r\000f\000a\000s}{section.1.3}% 9
\BOOKMARK [1][-]{section.1.4}{\376\377\000E\000s\000t\000r\000u\000c\000t\000u\000r\000a\000\040\000a\000n\000a\000l\000\355\000t\000i\000c\000a\000\040\000d\000e\000\040\000l\000a\000s\000\040\000v\000a\000r\000i\000e\000d\000a\000d\000e\000s\000\040\000a\000l\000g\000e\000b\000r\000a\000i\000c\000a\000s}{chapter.1}% 10
\BOOKMARK [0][-]{chapter.2}{\376\377\000E\000n\000c\000a\000j\000e\000\040\000a\000l\000\040\000p\000r\000o\000y\000e\000c\000t\000i\000v\000o}{}% 11
\BOOKMARK [1][-]{section.2.1}{\376\377\000E\000n\000c\000a\000j\000e\000\040\000H\000o\000l\000o\000m\000o\000r\000f\000o}{chapter.2}% 12
\BOOKMARK [2][-]{subsection.2.1.1}{\376\377\000E\000l\000\040\000c\000a\000s\000o\000\040\000d\000e\000\040\000l\000a\000s\000\040\000c\000u\000r\000v\000a\000s\000\040\000c\000o\000m\000p\000l\000e\000j\000a\000s}{section.2.1}% 13
\BOOKMARK [1][-]{section.2.2}{\376\377\000H\000a\000c\000e\000s\000\040\000L\000i\000n\000e\000a\000l\000e\000s\000\040\000h\000o\000l\000o\000m\000o\000r\000f\000o\000s}{chapter.2}% 14
\BOOKMARK [2][-]{subsection.2.2.1}{\376\377\000O\000p\000e\000r\000a\000c\000i\000o\000n\000e\000s\000\040\000c\000o\000n\000\040\000h\000a\000c\000e\000s\000\040\000l\000i\000n\000e\000a\000l\000e\000s}{section.2.2}% 15
\BOOKMARK [2][-]{subsection.2.2.2}{\376\377\000E\000s\000p\000a\000c\000i\000o\000\040\000d\000e\000\040\000s\000e\000c\000c\000i\000o\000n\000e\000s}{section.2.2}% 16
\BOOKMARK [1][-]{section.2.3}{\376\377\000H\000a\000c\000e\000s\000\040\000a\000m\000p\000l\000i\000o\000s\000\040\000y\000\040\000e\000n\000c\000a\000j\000e\000s}{chapter.2}% 17
\BOOKMARK [2][-]{subsection.2.3.1}{\376\377\000H\000a\000c\000e\000s\000\040\000l\000i\000n\000e\000a\000l\000e\000s\000\040\000d\000e\000l\000\040\000e\000s\000p\000a\000c\000i\000o\000\040\000p\000r\000o\000y\000e\000c\000t\000i\000v\000o}{section.2.3}% 18
\BOOKMARK [2][-]{subsection.2.3.2}{\376\377\000A\000p\000l\000i\000c\000a\000c\000i\000\363\000n\000\040\000a\000s\000o\000c\000i\000a\000d\000a\000\040\000a\000\040\000u\000n\000\040\000h\000a\000z}{section.2.3}% 19
\BOOKMARK [0][-]{chapter.3}{\376\377\000A\000l\000g\000e\000b\000r\000i\000z\000a\000c\000i\000\363\000n\000\040\000d\000e\000\040\000V\000a\000r\000i\000e\000d\000a\000d\000e\000s\000\040\000C\000o\000m\000p\000l\000e\000j\000a\000s}{}% 20
\BOOKMARK [1][-]{section.3.1}{\376\377\000S\000u\000b\000v\000a\000r\000i\000e\000d\000a\000d\000e\000s\000\040\000A\000n\000a\000l\000\355\000t\000i\000c\000a\000s}{chapter.3}% 21
\BOOKMARK [2][-]{subsection.3.1.1}{\376\377\000T\000e\000o\000r\000e\000m\000a\000s\000\040\000d\000e\000\040\000R\000e\000m\000m\000e\000r\000t}{section.3.1}% 22
\BOOKMARK [1][-]{section.3.2}{\376\377\000T\000e\000o\000r\000e\000m\000a\000\040\000d\000e\000\040\000C\000h\000o\000w}{chapter.3}% 23
\BOOKMARK [1][-]{section.3.3}{\376\377\000O\000t\000r\000o\000s\000\040\000c\000r\000i\000t\000e\000r\000i\000o\000s\000\040\000d\000e\000\040\000a\000l\000g\000e\000b\000r\000i\000z\000a\000c\000i\000\363\000n}{chapter.3}% 24
\BOOKMARK [2][-]{subsection.3.3.1}{\376\377\000V\000a\000r\000i\000e\000d\000a\000d\000e\000s\000\040\000d\000e\000\040\000M\000o\000i\000s\000h\000e\000z\000o\000n}{section.3.3}% 25
\BOOKMARK [2][-]{subsection.3.3.2}{\376\377\000V\000a\000r\000i\000e\000d\000a\000d\000e\000s\000\040\000d\000e\000\040\000K\000\344\000h\000l\000e\000r}{section.3.3}% 26
\BOOKMARK [0][-]{chapter*.22}{\376\377\000C\000o\000n\000c\000l\000u\000s\000i\000o\000n\000e\000s}{}% 27
\BOOKMARK [0][-]{chapter*.23}{\376\377\000A\000p\000\351\000n\000d\000i\000c\000e}{}% 28
\BOOKMARK [1][-]{section.3.1}{\376\377\000F\000u\000n\000c\000i\000o\000n\000e\000s\000\040\000h\000o\000l\000o\000m\000o\000r\000f\000a\000s\000\040\000d\000e\000\040\000v\000a\000r\000i\000a\000s\000\040\000v\000a\000r\000i\000a\000b\000l\000e\000s}{chapter*.23}% 29
\BOOKMARK [1][-]{section.3.2}{\376\377\000C\000o\000m\000p\000o\000r\000t\000a\000m\000i\000e\000n\000t\000o\000\040\000l\000o\000c\000a\000l}{chapter*.23}% 30
\BOOKMARK [1][-]{section.3.3}{\376\377\000\301\000l\000g\000e\000b\000r\000a\000\040\000d\000e\000\040\000l\000o\000s\000\040\000c\000o\000n\000j\000u\000n\000t\000o\000s\000\040\000a\000n\000a\000l\000\355\000t\000i\000c\000o\000s}{chapter*.23}% 31
\BOOKMARK [0][-]{chapter*.24}{\376\377\000R\000e\000f\000e\000r\000e\000n\000c\000i\000a\000s}{}% 32
